npm warn config optional Use `--omit=optional` to exclude optional dependencies, or
npm warn config `--include=optional` to include them.
npm warn config
npm warn config       Default value does install optional deps unless otherwise omitted.

> financeiro@0.1.0 build
> next build

 ⚠ You are using a non-standard "NODE_ENV" value in your environment. This creates inconsistencies in the project and is strongly advised against. Read more: https://nextjs.org/docs/messages/non-standard-node-env
🛠️ Aplicando configurações de desenvolvimento
   ▲ Next.js 15.5.2
   - Environments: .env.local, .env
   - Experiments (use with caution):
     · optimizePackageImports

   Creating an optimized production build ...
 ✓ Compiled successfully in 101s
   Linting and checking validity of types ...
   Collecting page data ...
   Generating static pages (0/37) ...
Error: <Html> should not be imported outside of pages/_document.
Read more: https://nextjs.org/docs/messages/no-document-import-in-page
    at x (.next/server/chunks/5611.js:6:1351)
Error occurred prerendering page "/404". Read more: https://nextjs.org/docs/messages/prerender-error
Error: <Html> should not be imported outside of pages/_document.
Read more: https://nextjs.org/docs/messages/no-document-import-in-page
    at x (.next/server/chunks/5611.js:6:1351)
Export encountered an error on /_error: /404, exiting the build.
 ⨯ Next.js build worker exited with code: 1 and signal: null
